// Jest Snapshot v1, https://goo.gl/fbAQLP

exports[`Card should match the snapshot 1`] = `
<div
  className="Card"
  key="4"
>
  <h3 />
  <p />
  <p>
    Number of guests: 
    0
  </p>
  <p />
  <button
    type="button"
  >
    Cancel
  </button>
</div>
`;
